<html><body><h1>Tool Test</h1><p>Added content</p></body></html>